hami_gpu_core_allocated_ratio{device_index="0",device_type="NVIDIA",device_uuid="GPU-shared",node="node-1",zone="vGPU"} 50
hami_gpu_core_allocated_ratio{device_index="1",device_type="NVIDIA",device_uuid="GPU-mig",node="node-1",zone="vGPU"} 0
hami_gpu_core_limit_ratio{device_index="0",device_type="NVIDIA",device_uuid="GPU-shared",node="node-1",zone="vGPU"} 100
hami_gpu_core_limit_ratio{device_index="1",device_type="NVIDIA",device_uuid="GPU-mig",node="node-1",zone="vGPU"} 100
hami_gpu_memory_allocated_bytes{device_cores="100",device_index="0",device_type="NVIDIA",device_uuid="GPU-shared",node="node-1",zone="vGPU"} 4.294967296e+09
hami_gpu_memory_allocated_bytes{device_cores="100",device_index="1",device_type="NVIDIA",device_uuid="GPU-mig",node="node-1",zone="vGPU"} 0
hami_gpu_memory_limit_bytes{device_index="0",device_type="NVIDIA",device_uuid="GPU-shared",node="node-1",zone="vGPU"} 8.589934592e+09
hami_gpu_memory_limit_bytes{device_index="1",device_type="NVIDIA",device_uuid="GPU-mig",node="node-1",zone="vGPU"} 8.589934592e+09
hami_gpu_shared_count{device_index="0",device_type="NVIDIA",device_uuid="GPU-shared",node="node-1",zone="vGPU"} 2
hami_gpu_shared_count{device_index="1",device_type="NVIDIA",device_uuid="GPU-mig",node="node-1",zone="vGPU"} 0
hami_node_gpu_memory_allocated_ratio{device_index="0",device_uuid="GPU-shared",node="node-1",zone="vGPU"} 0.5
hami_node_gpu_memory_allocated_ratio{device_index="1",device_uuid="GPU-mig",node="node-1",zone="vGPU"} 0
hami_node_gpu_mig_instance_info{compute_instance_id="0",device_index="1",device_uuid="GPU-mig",gpu_instance_id="4",mig_uuid="MIG-runtime",node="node-1",placement_size="2",placement_start="0",profile="2g.10gb",zone="vGPU"} 1
hami_node_gpu_overview{device_cores="100",device_index="0",device_memory_limit="8192",device_type="NVIDIA",device_uuid="GPU-shared",node="node-1",zone="vGPU"} 4.294967296e+09
hami_node_gpu_overview{device_cores="100",device_index="1",device_memory_limit="8192",device_type="NVIDIA",device_uuid="GPU-mig",node="node-1",zone="vGPU"} 0
hami_resource_quota_used{limit="8192",namespace="team-a",quota_name="nvidia.com/gpumem",zone="vGPU"} 4096
hami_scheduler_bind_total{reason="annotations_rejected",result="failed",zone="vGPU"} 0
hami_scheduler_bind_total{reason="bind_rejected",result="failed",zone="vGPU"} 0
hami_scheduler_bind_total{reason="node_lock_failed",result="failed",zone="vGPU"} 0
hami_scheduler_bind_total{reason="node_not_found",result="failed",zone="vGPU"} 0
hami_scheduler_bind_total{reason="none",result="succeeded",zone="vGPU"} 0
hami_scheduler_bind_total{reason="pod_not_found",result="failed",zone="vGPU"} 0
hami_scheduler_filter_duration_seconds{result="failed",zone="vGPU"} 0
hami_scheduler_filter_duration_seconds{result="skipped",zone="vGPU"} 0
hami_scheduler_filter_duration_seconds{result="succeeded",zone="vGPU"} 0
hami_scheduler_filter_total{reason="annotations_rejected",result="failed",zone="vGPU"} 0
hami_scheduler_filter_total{reason="no_fitting_node",result="failed",zone="vGPU"} 0
hami_scheduler_filter_total{reason="no_hami_resource",result="skipped",zone="vGPU"} 0
hami_scheduler_filter_total{reason="node_usage_failed",result="failed",zone="vGPU"} 0
hami_scheduler_filter_total{reason="none",result="succeeded",zone="vGPU"} 0
hami_scheduler_filter_total{reason="score_failed",result="failed",zone="vGPU"} 0
hami_scheduler_filter_total{reason="simulation",result="skipped",zone="vGPU"} 0
hami_vgpu_core_allocated_ratio{container_index="0",device_uuid="GPU-shared",namespace="team-a",node="node-1",pod="trainer",zone="vGPU"} 25
hami_vgpu_memory_allocated_bytes{container_index="0",device_uuid="GPU-shared",namespace="team-a",node="node-1",pod="trainer",zone="vGPU"} 2.147483648e+09
